******************************************************************************
                  TI ARM Linker Unix v16.9.4                   
******************************************************************************
>> Linked Mon Feb 26 18:17:53 2018

OUTPUT FILE NAME:   <SysTick.out>
ENTRY POINT SYMBOL: "_c_int00"  address: 000004b1


MEMORY CONFIGURATION

         name            origin    length      used     unused   attr    fill
----------------------  --------  ---------  --------  --------  ----  --------
  FLASH                 00000000   00040000  00000634  0003f9cc  R  X
  SRAM                  20000000   00008000  0000021c  00007de4  RW X


SEGMENT ALLOCATION MAP

run origin  load origin   length   init length attrs members
----------  ----------- ---------- ----------- ----- -------
00000000    00000000    00000638   00000638    r-x
  00000000    00000000    0000026c   0000026c    r-- .intvecs
  0000026c    0000026c    00000390   00000390    r-x .text
  00000600    00000600    00000038   00000038    r-- .cinit
20000000    20000000    0000021c   00000000    rw-
  20000000    20000000    00000200   00000000    rw- .stack
  20000200    20000200    00000018   00000000    rw- .data
  20000218    20000218    00000004   00000000    rw- .bss


SECTION ALLOCATION MAP

 output                                  attributes/
section   page    origin      length       input sections
--------  ----  ----------  ----------   ----------------
.intvecs   0    00000000    0000026c     
                  00000000    0000026c     tm4c123gh6pm_startup_ccs.obj (.intvecs)

.text      0    0000026c    00000390     
                  0000026c    0000009c     rtsv7M4_T_le_v4SPD16_eabi.lib : memcpy_t2.obj (.text)
                  00000308    0000007a                                   : memset_t2.obj (.text)
                  00000382    00000002                                   : mpu_init.obj (.text)
                  00000384    00000070                                   : autoinit.obj (.text)
                  000003f4    00000068                                   : copy_decompress_lzss.obj (.text:decompress:lzss)
                  0000045c    00000054     main.obj (.text)
                  000004b0    00000054     rtsv7M4_T_le_v4SPD16_eabi.lib : boot.obj (.text)
                  00000504    00000054                                   : exit.obj (.text)
                  00000558    0000004c                                   : cpy_tbl.obj (.text)
                  000005a4    00000018                                   : args_main.obj (.text)
                  000005bc    00000014                                   : _lock.obj (.text)
                  000005d0    0000000e                                   : copy_decompress_none.obj (.text:decompress:none)
                  000005de    0000000c                                   : copy_zero_init.obj (.text:decompress:ZI)
                  000005ea    0000000c     tm4c123gh6pm_startup_ccs.obj (.text)
                  000005f6    00000004     rtsv7M4_T_le_v4SPD16_eabi.lib : pre_init.obj (.text)
                  000005fa    00000002                                   : startup.obj (.text)

.cinit     0    00000600    00000038     
                  00000600    00000011     (.cinit..data.load) [load image, compression = lzss]
                  00000611    00000003     --HOLE-- [fill = 0]
                  00000614    0000000c     (__TI_handler_table)
                  00000620    00000008     (.cinit..bss.load) [load image, compression = zero_init]
                  00000628    00000010     (__TI_cinit_table)

.init_array 
*          0    00000000    00000000     UNINITIALIZED

.data      0    20000200    00000018     UNINITIALIZED
                  20000200    0000000c     rtsv7M4_T_le_v4SPD16_eabi.lib : exit.obj (.data:$O1$$)
                  2000020c    00000008                                   : _lock.obj (.data:$O1$$)
                  20000214    00000004                                   : stkdepth_vars.obj (.data)

.bss       0    20000218    00000004     UNINITIALIZED
                  20000218    00000004     (.common:count)

.stack     0    20000000    00000200     UNINITIALIZED
                  20000000    00000200     --HOLE--

MODULE SUMMARY

       Module                         code   ro data   rw data
       ------                         ----   -------   -------
    ./
       tm4c123gh6pm_startup_ccs.obj   12     620       0      
       main.obj                       84     0         4      
    +--+------------------------------+------+---------+---------+
       Total:                         96     620       4      
                                                              
    /opt/ti/ccsv7/tools/compiler/ti-cgt-arm_16.9.4.LTS/lib/rtsv7M4_T_le_v4SPD16_eabi.lib
       memcpy_t2.obj                  156    0         0      
       memset_t2.obj                  122    0         0      
       autoinit.obj                   112    0         0      
       copy_decompress_lzss.obj       104    0         0      
       exit.obj                       84     0         12     
       boot.obj                       84     0         0      
       cpy_tbl.obj                    76     0         0      
       _lock.obj                      20     0         8      
       args_main.obj                  24     0         0      
       copy_decompress_none.obj       14     0         0      
       copy_zero_init.obj             12     0         0      
       pre_init.obj                   4      0         0      
       stkdepth_vars.obj              0      0         4      
       mpu_init.obj                   2      0         0      
       startup.obj                    2      0         0      
    +--+------------------------------+------+---------+---------+
       Total:                         816    0         24     
                                                              
       Stack:                         0      0         512    
       Linker Generated:              0      53        0      
    +--+------------------------------+------+---------+---------+
       Grand Total:                   912    673       540    


LINKER GENERATED COPY TABLES

__TI_cinit_table @ 00000628 records: 2, size/record: 8, table size: 16
	.data: load addr=00000600, load size=00000011 bytes, run addr=20000200, run size=00000018 bytes, compression=lzss
	.bss: load addr=00000620, load size=00000008 bytes, run addr=20000218, run size=00000004 bytes, compression=zero_init


LINKER GENERATED HANDLER TABLE

__TI_handler_table @ 00000614 records: 3, size/record: 4, table size: 12
	index: 0, handler: __TI_decompress_lzss
	index: 1, handler: __TI_decompress_none
	index: 2, handler: __TI_zero_init


GLOBAL SYMBOLS: SORTED ALPHABETICALLY BY Name 

address   name                           
-------   ----                           
00000505  C$$EXIT                        
000005eb  ResetISR                       
UNDEFED   SHT$$INIT_ARRAY$$Base          
UNDEFED   SHT$$INIT_ARRAY$$Limit         
00000491  SysTick_isr                    
20000200  __STACK_END                    
00000200  __STACK_SIZE                   
20000200  __STACK_TOP                    
00000628  __TI_CINIT_Base                
00000638  __TI_CINIT_Limit               
00000614  __TI_Handler_Table_Base        
00000620  __TI_Handler_Table_Limit       
00000385  __TI_auto_init                 
20000200  __TI_cleanup_ptr               
000003f5  __TI_decompress_lzss           
000005d1  __TI_decompress_none           
20000204  __TI_dtors_ptr                 
20000208  __TI_enable_exit_profile_output
ffffffff  __TI_pprof_out_hndl            
ffffffff  __TI_prof_data_size            
ffffffff  __TI_prof_data_start           
00000000  __TI_static_base__             
000005df  __TI_zero_init                 
00000309  __aeabi_memclr                 
00000309  __aeabi_memclr4                
00000309  __aeabi_memclr8                
0000026d  __aeabi_memcpy                 
0000026d  __aeabi_memcpy4                
0000026d  __aeabi_memcpy8                
0000030b  __aeabi_memset                 
0000030b  __aeabi_memset4                
0000030b  __aeabi_memset8                
ffffffff  __binit__                      
ffffffff  __c_args__                     
00000383  __mpu_init                     
20000000  __stack                        
000005a5  _args_main                     
000004b1  _c_int00                       
2000020c  _lock                          
000005cb  _nop                           
000005c3  _register_lock                 
000005bd  _register_unlock               
000005fb  _system_post_cinit             
000005f7  _system_pre_init               
20000210  _unlock                        
00000509  abort                          
ffffffff  binit                          
00000465  configure_timer                
00000559  copy_in                        
20000218  count                          
00000511  exit                           
00000000  g_pfnVectors                   
0000045d  main                           
20000214  main_func_sp                   
0000026d  memcpy                         
00000311  memset                         


GLOBAL SYMBOLS: SORTED BY Symbol Address 

address   name                           
-------   ----                           
00000000  __TI_static_base__             
00000000  g_pfnVectors                   
00000200  __STACK_SIZE                   
0000026d  __aeabi_memcpy                 
0000026d  __aeabi_memcpy4                
0000026d  __aeabi_memcpy8                
0000026d  memcpy                         
00000309  __aeabi_memclr                 
00000309  __aeabi_memclr4                
00000309  __aeabi_memclr8                
0000030b  __aeabi_memset                 
0000030b  __aeabi_memset4                
0000030b  __aeabi_memset8                
00000311  memset                         
00000383  __mpu_init                     
00000385  __TI_auto_init                 
000003f5  __TI_decompress_lzss           
0000045d  main                           
00000465  configure_timer                
00000491  SysTick_isr                    
000004b1  _c_int00                       
00000505  C$$EXIT                        
00000509  abort                          
00000511  exit                           
00000559  copy_in                        
000005a5  _args_main                     
000005bd  _register_unlock               
000005c3  _register_lock                 
000005cb  _nop                           
000005d1  __TI_decompress_none           
000005df  __TI_zero_init                 
000005eb  ResetISR                       
000005f7  _system_pre_init               
000005fb  _system_post_cinit             
00000614  __TI_Handler_Table_Base        
00000620  __TI_Handler_Table_Limit       
00000628  __TI_CINIT_Base                
00000638  __TI_CINIT_Limit               
20000000  __stack                        
20000200  __STACK_END                    
20000200  __STACK_TOP                    
20000200  __TI_cleanup_ptr               
20000204  __TI_dtors_ptr                 
20000208  __TI_enable_exit_profile_output
2000020c  _lock                          
20000210  _unlock                        
20000214  main_func_sp                   
20000218  count                          
ffffffff  __TI_pprof_out_hndl            
ffffffff  __TI_prof_data_size            
ffffffff  __TI_prof_data_start           
ffffffff  __binit__                      
ffffffff  __c_args__                     
ffffffff  binit                          
UNDEFED   SHT$$INIT_ARRAY$$Base          
UNDEFED   SHT$$INIT_ARRAY$$Limit         

[56 symbols]
